// Jest Snapshot v1, https://goo.gl/fbAQLP

exports[`Given a DogDetails component page When it's invoked Then it should always match this snapshot 1`] = `
Array [
  <div
    className="sc-dkzDqf ljjsOT"
  >
    <nav
      className="sc-gsnTZi cQdalN"
    >
      <div
        className="header-container MuiBox-root css-i9gxme"
      >
        <header
          className="MuiPaper-root MuiPaper-elevation MuiPaper-elevation4 MuiAppBar-root MuiAppBar-colorPrimary MuiAppBar-positionStatic appbar css-18ditn3-MuiPaper-root-MuiAppBar-root"
        >
          <div
            className="MuiToolbar-root MuiToolbar-gutters MuiToolbar-regular css-hyum1k-MuiToolbar-root"
          >
            <div
              className="MuiTypography-root MuiTypography-h6 page-title css-poizw5-MuiTypography-root"
            >
              undefined's profile
            </div>
          </div>
        </header>
      </div>
    </nav>
    <div
      className="sc-bczRLJ kqivKm"
    >
      <div
        className="MuiCardContent-root dog-card-content css-46bh2p-MuiCardContent-root"
      >
        <div
          className="dog-card-top"
        >
          <div
            className="image-container"
          >
            <img
              alt=" avatar"
              className="dog-card-top__avatar"
              crossOrigin=""
              src="http://localhost:4000/uploads/images/"
              width="100%"
            />
          </div>
          <img
            alt=" personality"
            className="dog-card-top__personality"
            src="../../images/icons/mobile/personalities/inactive/-inactive.png"
            width={20}
          />
        </div>
        <div
          className="dog-card-bottom"
        >
          <div>
            <p
              className="MuiTypography-root MuiTypography-body1 dog-card-bottom__title css-1cz1j3c-MuiTypography-root"
            />
            <p
              className="MuiTypography-root MuiTypography-body1 dog-card-bottom__bio css-1cz1j3c-MuiTypography-root"
            />
          </div>
        </div>
      </div>
    </div>
    <div
      className="sc-bczRLJ kqivKm dog-card-secondary-container"
    >
      <div
        className="MuiCardContent-root css-46bh2p-MuiCardContent-root"
      >
        <div
          className="dog-card-secondary"
        >
          <div>
            <p
              className="MuiTypography-root MuiTypography-body1 dog-card-bottom__bio css-1cz1j3c-MuiTypography-root"
            >
              <span
                className="dog-card-bottom__bio-characteristic"
              >
                Age:
                 
              </span>
              <span
                className="dog-card-bottom__bio-property"
              >
                0
                 years
              </span>
            </p>
            <p
              className="MuiTypography-root MuiTypography-body1 dog-card-bottom__bio css-1cz1j3c-MuiTypography-root"
            >
              <span
                className="dog-card-bottom__bio-characteristic"
              >
                Breed:
                 
              </span>
              <span
                className="dog-card-bottom__bio-property"
              />
            </p>
            <p
              className="MuiTypography-root MuiTypography-body1 dog-card-bottom__bio css-1cz1j3c-MuiTypography-root"
            >
              <span
                className="dog-card-bottom__bio-characteristic"
              >
                Weight:
                 
              </span>
              <span
                className="dog-card-bottom__bio-property"
              >
                 kg
              </span>
            </p>
            <p
              className="MuiTypography-root MuiTypography-body1 dog-card-bottom__bio css-1cz1j3c-MuiTypography-root"
            >
              <span
                className="dog-card-bottom__bio-characteristic"
              >
                Favorite toy:
                 
              </span>
              <span
                className="dog-card-bottom__bio-property"
              />
            </p>
            <p
              className="MuiTypography-root MuiTypography-body1 dog-card-bottom__bio css-1cz1j3c-MuiTypography-root"
            />
          </div>
        </div>
      </div>
    </div>
  </div>,
  <div
    className="bottom MuiBox-root css-1nl0624"
  >
    <div
      className="MuiPaper-root MuiPaper-elevation MuiPaper-rounded MuiPaper-elevation3 css-gy4i07-MuiPaper-root"
    >
      <div
        className="MuiBottomNavigation-root css-1fj88io-MuiBottomNavigation-root"
      >
        <button
          className="MuiButtonBase-root MuiBottomNavigationAction-root MuiBottomNavigationAction-iconOnly css-1vw7i77-MuiButtonBase-root-MuiBottomNavigationAction-root"
          disabled={false}
          onBlur={[Function]}
          onClick={[Function]}
          onContextMenu={[Function]}
          onDragLeave={[Function]}
          onFocus={[Function]}
          onKeyDown={[Function]}
          onKeyUp={[Function]}
          onMouseDown={[Function]}
          onMouseLeave={[Function]}
          onMouseUp={[Function]}
          onTouchEnd={[Function]}
          onTouchMove={[Function]}
          onTouchStart={[Function]}
          tabIndex={0}
          type="button"
        >
          <img
            alt="Home navbar inactive icon"
            height="30px"
            onClick={[Function]}
            src="../../images/icons/mobile/navbar/inactive/home.png"
          />
          <span
            className="MuiBottomNavigationAction-label MuiBottomNavigationAction-iconOnly css-1ysd76y-MuiBottomNavigationAction-label"
          />
        </button>
        <button
          className="MuiButtonBase-root MuiBottomNavigationAction-root MuiBottomNavigationAction-iconOnly css-1vw7i77-MuiButtonBase-root-MuiBottomNavigationAction-root"
          disabled={false}
          onBlur={[Function]}
          onClick={[Function]}
          onContextMenu={[Function]}
          onDragLeave={[Function]}
          onFocus={[Function]}
          onKeyDown={[Function]}
          onKeyUp={[Function]}
          onMouseDown={[Function]}
          onMouseLeave={[Function]}
          onMouseUp={[Function]}
          onTouchEnd={[Function]}
          onTouchMove={[Function]}
          onTouchStart={[Function]}
          tabIndex={0}
          type="button"
        >
          <img
            alt="Dates navbar inactive icon"
            height="30px"
            onClick={[Function]}
            src="../../images/icons/mobile/navbar/inactive/dates.png"
          />
          <span
            className="MuiBottomNavigationAction-label MuiBottomNavigationAction-iconOnly css-1ysd76y-MuiBottomNavigationAction-label"
          />
        </button>
        <button
          className="MuiButtonBase-root MuiBottomNavigationAction-root MuiBottomNavigationAction-iconOnly css-1vw7i77-MuiButtonBase-root-MuiBottomNavigationAction-root"
          disabled={false}
          onBlur={[Function]}
          onClick={[Function]}
          onContextMenu={[Function]}
          onDragLeave={[Function]}
          onFocus={[Function]}
          onKeyDown={[Function]}
          onKeyUp={[Function]}
          onMouseDown={[Function]}
          onMouseLeave={[Function]}
          onMouseUp={[Function]}
          onTouchEnd={[Function]}
          onTouchMove={[Function]}
          onTouchStart={[Function]}
          tabIndex={0}
          type="button"
        >
          <img
            alt="Favorites navbar inactive icon"
            height="30px"
            onClick={[Function]}
            src="../../images/icons/mobile/navbar/inactive/friends.png"
          />
          <span
            className="MuiBottomNavigationAction-label MuiBottomNavigationAction-iconOnly css-1ysd76y-MuiBottomNavigationAction-label"
          />
        </button>
        <button
          className="MuiButtonBase-root MuiBottomNavigationAction-root MuiBottomNavigationAction-iconOnly css-1vw7i77-MuiButtonBase-root-MuiBottomNavigationAction-root"
          disabled={false}
          onBlur={[Function]}
          onClick={[Function]}
          onContextMenu={[Function]}
          onDragLeave={[Function]}
          onFocus={[Function]}
          onKeyDown={[Function]}
          onKeyUp={[Function]}
          onMouseDown={[Function]}
          onMouseLeave={[Function]}
          onMouseUp={[Function]}
          onTouchEnd={[Function]}
          onTouchMove={[Function]}
          onTouchStart={[Function]}
          tabIndex={0}
          type="button"
        >
          <img
            alt="Profile navbar inactive icon"
            height="30px"
            onClick={[Function]}
            src="../../images/icons/mobile/navbar/inactive/profile.png"
          />
          <span
            className="MuiBottomNavigationAction-label MuiBottomNavigationAction-iconOnly css-1ysd76y-MuiBottomNavigationAction-label"
          />
        </button>
      </div>
    </div>
  </div>,
]
`;
